// Jest Snapshot v1, https://goo.gl/fbAQLP

exports[`Select renders correctly 1`] = `
<div
  className="wrapper"
>
  <select
    className="element"
  />
</div>
`;
