// Jest Snapshot v1, https://goo.gl/fbAQLP

exports[`Checkbox renders correctly 1`] = `
<div
  className="container"
>
  <input
    type="checkbox"
  />
  <div
    className="checkbox"
  />
  <label>
    example
  </label>
</div>
`;
