// Jest Snapshot v1, https://goo.gl/fbAQLP

exports[`RadioGroup renders correctly 1`] = `
<div
  className="container"
>
  <div
    className="childrenWrapper"
  />
</div>
`;
